TAP version 13
# Subtest: dashboard keeps exact trailing loss separate from session P&L and never substitutes unknown history
ok 1 - dashboard keeps exact trailing loss separate from session P&L and never substitutes unknown history
  ---
  duration_ms: 17.385526
  type: 'test'
  ...
# Subtest: operations monitor retains an order's full P&L history after the position closes
ok 2 - operations monitor retains an order's full P&L history after the position closes
  ---
  duration_ms: 24.365042
  type: 'test'
  ...
# Subtest: operations monitor emits one authoritative closed-position telemetry record
ok 3 - operations monitor emits one authoritative closed-position telemetry record
  ---
  duration_ms: 7.659337
  type: 'test'
  ...
# Subtest: operations monitor bounds default P&L history retained in memory
ok 4 - operations monitor bounds default P&L history retained in memory
  ---
  duration_ms: 9509.518019
  type: 'test'
  ...
# Subtest: dashboard broadcast skips serialization when there are no websocket clients
ok 5 - dashboard broadcast skips serialization when there are no websocket clients
  ---
  duration_ms: 0.735028
  type: 'test'
  ...
# Subtest: ordinary database telemetry is sampled and unchanged orders are deduplicated
ok 6 - ordinary database telemetry is sampled and unchanged orders are deduplicated
  ---
  duration_ms: 2.005366
  type: 'test'
  ...
# Subtest: durable health payload excludes high-cardinality dashboard collections
ok 7 - durable health payload excludes high-cardinality dashboard collections
  ---
  duration_ms: 1.715144
  type: 'test'
  ...
# Subtest: dashboard resets total session P&L at UTC rollover and carries live equity forward
ok 8 - dashboard resets total session P&L at UTC rollover and carries live equity forward
  ---
  duration_ms: 1.492313
  type: 'test'
  ...
# Subtest: dashboard does not subtract the prior Kraken UTC session after the broker resets its counter
ok 9 - dashboard does not subtract the prior Kraken UTC session after the broker resets its counter
  ---
  duration_ms: 1.486438
  type: 'test'
  ...
# Subtest: dashboard waits for account reconciliation before locking the UTC opening equity
ok 10 - dashboard waits for account reconciliation before locking the UTC opening equity
  ---
  duration_ms: 1.389367
  type: 'test'
  ...
# Subtest: filled reduce-only exit cards inherit complete history and actual realized P&L
ok 11 - filled reduce-only exit cards inherit complete history and actual realized P&L
  ---
  duration_ms: 2.306803
  type: 'test'
  ...
# Subtest: closed-trade P&L uses exact asymmetric fees from each execution leg
ok 12 - closed-trade P&L uses exact asymmetric fees from each execution leg
  ---
  duration_ms: 0.967887
  type: 'test'
  ...
# Subtest: partial exits allocate entry fees once and aggregate as one realized trade
ok 13 - partial exits allocate entry fees once and aggregate as one realized trade
  ---
  duration_ms: 1.709444
  type: 'test'
  ...
# Subtest: dashboard distinguishes a motion reset from invalid market data
ok 14 - dashboard distinguishes a motion reset from invalid market data
  ---
  duration_ms: 19.738568
  type: 'test'
  ...
# Subtest: market projection carries authoritative policy pulse instead of legacy readiness
ok 15 - market projection carries authoritative policy pulse instead of legacy readiness
  ---
  duration_ms: 2.50341
  type: 'test'
  ...
# Subtest: Market Pulse renders new policy signals, evidence and clocks without the legacy ready fallback
ok 16 - Market Pulse renders new policy signals, evidence and clocks without the legacy ready fallback
  ---
  duration_ms: 59.018128
  type: 'test'
  ...
# Subtest: joint model display separates submission permission, training, forecast freshness and entry gates
ok 17 - joint model display separates submission permission, training, forecast freshness and entry gates
  ---
  duration_ms: 34.072079
  type: 'test'
  ...
# Subtest: dashboard formats the realized P&L reconciliation at five-decimal USD precision
ok 18 - dashboard formats the realized P&L reconciliation at five-decimal USD precision
  ---
  duration_ms: 6.862091
  type: 'test'
  ...
# Subtest: dashboard fills a complete twenty-minute P&L history with one-minute checkpoints
ok 19 - dashboard fills a complete twenty-minute P&L history with one-minute checkpoints
  ---
  duration_ms: 2.841745
  type: 'test'
  ...
# Subtest: dashboard uses adaptive price precision for micro-priced assets
ok 20 - dashboard uses adaptive price precision for micro-priced assets
  ---
  duration_ms: 3.746489
  type: 'test'
  ...
# Subtest: dashboard assets provide a phone-safe layout
ok 21 - dashboard assets provide a phone-safe layout
  ---
  duration_ms: 2.488255
  type: 'test'
  ...
# Subtest: dashboard groups one trade into one card while keeping standalone order filters strict
ok 22 - dashboard groups one trade into one card while keeping standalone order filters strict
  ---
  duration_ms: 4.386107
  type: 'test'
  ...
# Subtest: operations monitor exposes structured cancellation reasons in order cards and timelines
ok 23 - operations monitor exposes structured cancellation reasons in order cards and timelines
  ---
  duration_ms: 0.947246
  type: 'test'
  ...
# Subtest: order cards stay in reverse creation-time order when an older order updates later
ok 24 - order cards stay in reverse creation-time order when an older order updates later
  ---
  duration_ms: 0.827088
  type: 'test'
  ...
# Subtest: dashboard only exposes orders and events from the current UTC session
ok 25 - dashboard only exposes orders and events from the current UTC session
  ---
  duration_ms: 1.532427
  type: 'test'
  ...
# Subtest: hydrated database orders retain their full card details after an engine reboot
ok 26 - hydrated database orders retain their full card details after an engine reboot
  ---
  duration_ms: 1.426407
  type: 'test'
  ...
# Subtest: dashboard server serves the read-only API, health probe, and browser routes
ok 27 - dashboard server serves the read-only API, health probe, and browser routes
  ---
  duration_ms: 60.92049
  type: 'test'
  ...
# Subtest: PostgreSQL migration defines the complete operational record set
ok 28 - PostgreSQL migration defines the complete operational record set
  ---
  duration_ms: 15.784242
  type: 'test'
  ...
# Subtest: model results count each actual entry once and separate evaluation, qualified, and legacy trades
ok 29 - model results count each actual entry once and separate evaluation, qualified, and legacy trades
  ---
  duration_ms: 3.755915
  type: 'test'
  ...
# Subtest: monitor retains the exact model forecast and evaluation mode in persisted order cards
ok 30 - monitor retains the exact model forecast and evaluation mode in persisted order cards
  ---
  duration_ms: 1.256717
  type: 'test'
  ...
# Subtest: independent training displays per-horizon cadence and action counts while entry checks remain frequent
ok 31 - independent training displays per-horizon cadence and action counts while entry checks remain frequent
  ---
  duration_ms: 49.465042
  type: 'test'
  ...
# Subtest: dashboard reports configured and equity-limited sizing instead of a fixed $12 caption
ok 32 - dashboard reports configured and equity-limited sizing instead of a fixed $12 caption
  ---
  duration_ms: 3.397102
  type: 'test'
  ...
# Subtest: distribution dashboard distinguishes paper permission from zero-data model readiness
ok 33 - distribution dashboard distinguishes paper permission from zero-data model readiness
  ---
  duration_ms: 51.359015
  type: 'test'
  ...
# Subtest: distribution dashboard shows prospective evidence and action estimates without representing them as realized profit
ok 34 - distribution dashboard shows prospective evidence and action estimates without representing them as realized profit
  ---
  duration_ms: 4.724739
  type: 'test'
  ...
# Subtest: distribution dashboard expires entry checks and gives existing positions and stale data priority
ok 35 - distribution dashboard expires entry checks and gives existing positions and stale data priority
  ---
  duration_ms: 25.419842
  type: 'test'
  ...
# Subtest: distribution dashboard escapes dynamic action, symbol, model and reason strings
ok 36 - distribution dashboard escapes dynamic action, symbol, model and reason strings
  ---
  duration_ms: 3.816973
  type: 'test'
  ...
# Subtest: the dashboard clock expires distribution entry checks when no new snapshot arrives
ok 37 - the dashboard clock expires distribution entry checks when no new snapshot arrives
  ---
  duration_ms: 10.008874
  type: 'test'
  ...
# Subtest: warmup shows separately observed BTC and ETH history and never advances on a stale dashboard clock
ok 38 - warmup shows separately observed BTC and ETH history and never advances on a stale dashboard clock
  ---
  duration_ms: 4.111119
  type: 'test'
  ...
# Subtest: restored price history still waits for live flow and cannot reuse an old paper-ready decision
ok 39 - restored price history still waits for live flow and cannot reuse an old paper-ready decision
  ---
  duration_ms: 4.377949
  type: 'test'
  ...
# Subtest: warmup readiness requires both markets and completed context is distinct from a first evaluation
ok 40 - warmup readiness requires both markets and completed context is distinct from a first evaluation
  ---
  duration_ms: 9.220038
  type: 'test'
  ...
# Subtest: browser clock offsets cannot gate valid books or change entry expiration
ok 41 - browser clock offsets cannot gate valid books or change entry expiration
  ---
  duration_ms: 41.534782
  type: 'test'
  ...
# Subtest: entry timing uses the fresh-quote throttle independently of training collection
ok 42 - entry timing uses the fresh-quote throttle independently of training collection
  ---
  duration_ms: 7.626571
  type: 'test'
  ...
# Subtest: entry timing waits for fresh data without counting down stale telemetry
ok 43 - entry timing waits for fresh data without counting down stale telemetry
  ---
  duration_ms: 11.979681
  type: 'test'
  ...
# Subtest: missing entry cadence telemetry never presents the training timer as an entry timer
ok 44 - missing entry cadence telemetry never presents the training timer as an entry timer
  ---
  duration_ms: 2.764813
  type: 'test'
  ...
# Subtest: paper trial clearly permits unvalidated paper checks while keeping prospective progress separate
ok 45 - paper trial clearly permits unvalidated paper checks while keeping prospective progress separate
  ---
  duration_ms: 9.052533
  type: 'test'
  ...
# Subtest: paper trial retains sample and score gates instead of promising entries from three dates alone
ok 46 - paper trial retains sample and score gates instead of promising entries from three dates alone
  ---
  duration_ms: 16.868101
  type: 'test'
  ...
# Subtest: trial display never promotes expired, mismatched, unauthorized or occupied decisions to active checks
ok 47 - trial display never promotes expired, mismatched, unauthorized or occupied decisions to active checks
  ---
  duration_ms: 37.739556
  type: 'test'
  ...
# Subtest: stored outcomes cannot be mistaken for the relevant-sample gate in a three-date trial
ok 48 - stored outcomes cannot be mistaken for the relevant-sample gate in a three-date trial
  ---
  duration_ms: 8.928217
  type: 'test'
  ...
# Subtest: missing or invalid support telemetry stays unavailable instead of becoming zero samples
ok 49 - missing or invalid support telemetry stays unavailable instead of becoming zero samples
  ---
  duration_ms: 6.351067
  type: 'test'
  ...
# Subtest: main dashboard proxies only its fixed paper URL, preserves other endpoints, and serves spot.js
ok 50 - main dashboard proxies only its fixed paper URL, preserves other endpoints, and serves spot.js
  ---
  duration_ms: 138.223846
  type: 'test'
  ...
# Subtest: spot proxy shares one in-flight request and a bounded cache between dashboard clients
ok 51 - spot proxy shares one in-flight request and a bounded cache between dashboard clients
  ---
  duration_ms: 30.921947
  type: 'test'
  ...
# Subtest: spot proxy preserves paper order transitions, fills, and durable rejection details
ok 52 - spot proxy preserves paper order transitions, fills, and durable rejection details
  ---
  duration_ms: 13.895488
  type: 'test'
  ...
# Subtest: an expired successful cache never hides an upstream failure with stale green telemetry
ok 53 - an expired successful cache never hides an upstream failure with stale green telemetry
  ---
  duration_ms: 40.873766
  type: 'test'
  ...
# Subtest: spot proxy rejects live mode, malformed accounting, order arrays, and non-JSON statuses
    # Subtest: live mode
    ok 1 - live mode
      ---
      duration_ms: 6.878617
      type: 'test'
      ...
    # Subtest: live enabled
    ok 2 - live enabled
      ---
      duration_ms: 8.916103
      type: 'test'
      ...
    # Subtest: claimed proof
    ok 3 - claimed proof
      ---
      duration_ms: 5.838848
      type: 'test'
      ...
    # Subtest: missing account
    ok 4 - missing account
      ---
      duration_ms: 6.77811
      type: 'test'
      ...
    # Subtest: non-finite cash
    ok 5 - non-finite cash
      ---
      duration_ms: 5.449964
      type: 'test'
      ...
    # Subtest: negative quantity
    ok 6 - negative quantity
      ---
      duration_ms: 4.910369
      type: 'test'
      ...
    # Subtest: invalid timestamp
    ok 7 - invalid timestamp
      ---
      duration_ms: 9.265827
      type: 'test'
      ...
    # Subtest: invalid receipts
    ok 8 - invalid receipts
      ---
      duration_ms: 4.823275
      type: 'test'
      ...
    # Subtest: missing enabled orders
    ok 9 - missing enabled orders
      ---
      duration_ms: 8.614837
      type: 'test'
      ...
    # Subtest: invalid order
    ok 10 - invalid order
      ---
      duration_ms: 5.042038
      type: 'test'
      ...
    # Subtest: null response
    ok 11 - null response
      ---
      duration_ms: 4.564888
      type: 'test'
      ...
    # Subtest: array response
    ok 12 - array response
      ---
      duration_ms: 10.116951
      type: 'test'
      ...
    # Subtest: HTML response
    ok 13 - HTML response
      ---
      duration_ms: 3.755965
      type: 'test'
      ...
    1..13
ok 54 - spot proxy rejects live mode, malformed accounting, order arrays, and non-JSON statuses
  ---
  duration_ms: 88.993287
  type: 'test'
  ...
# Subtest: spot proxy caps both declared and streamed response bodies
    # Subtest: content length
    ok 1 - content length
      ---
      duration_ms: 15.189549
      type: 'test'
      ...
    # Subtest: chunked stream
    ok 2 - chunked stream
      ---
      duration_ms: 25.897028
      type: 'test'
      ...
    1..2
ok 55 - spot proxy caps both declared and streamed response bodies
  ---
  duration_ms: 41.788499
  type: 'test'
  ...
# Subtest: spot proxy never follows an upstream redirect
ok 56 - spot proxy never follows an upstream redirect
  ---
  duration_ms: 4.852856
  type: 'test'
  ...
# Subtest: spot proxy enforces its deadline through both headers and body streaming
    # Subtest: headers stall
    ok 1 - headers stall
      ---
      duration_ms: 32.118546
      type: 'test'
      ...
    # Subtest: body stalls
    ok 2 - body stalls
      ---
      duration_ms: 45.867967
      type: 'test'
      ...
    1..2
ok 57 - spot proxy enforces its deadline through both headers and body streaming
  ---
  duration_ms: 78.638899
  type: 'test'
  ...
# Subtest: a cached response cannot claim health with stale or future upstream success time
    # Subtest: -600001
    ok 1 - -600001
      ---
      duration_ms: 7.609372
      type: 'test'
      ...
    # Subtest: 10000
    ok 2 - 10000
      ---
      duration_ms: 4.902306
      type: 'test'
      ...
    1..2
ok 58 - a cached response cannot claim health with stale or future upstream success time
  ---
  duration_ms: 13.164922
  type: 'test'
  ...
# Subtest: invalid or credential-bearing upstream configuration fails closed without throwing
ok 59 - invalid or credential-bearing upstream configuration fails closed without throwing
  ---
  duration_ms: 0.864824
  type: 'test'
  ...
# Subtest: main dashboard includes the spot module and clearly separates futures capital
ok 60 - main dashboard includes the spot module and clearly separates futures capital
  ---
  duration_ms: 9.644371
  type: 'test'
  ...
# Subtest: spot dashboard shows current account P&L and never imports historical gains
ok 61 - spot dashboard shows current account P&L and never imports historical gains
  ---
  duration_ms: 48.338452
  type: 'test'
  ...
# Subtest: missing marks and metrics remain unknown instead of displaying fabricated zero profit
ok 62 - missing marks and metrics remain unknown instead of displaying fabricated zero profit
  ---
  duration_ms: 2.674865
  type: 'test'
  ...
# Subtest: a failed request retains the last account snapshot but removes order readiness
ok 63 - a failed request retains the last account snapshot but removes order readiness
  ---
  duration_ms: 5.322279
  type: 'test'
  ...
# Subtest: staleness uses server cycle time and monotonic elapsed time despite browser clock changes
ok 64 - staleness uses server cycle time and monotonic elapsed time despite browser clock changes
  ---
  duration_ms: 6.315332
  type: 'test'
  ...
# Subtest: startup failure, malformed status, halted and unexpected execution modes are explicit
ok 65 - startup failure, malformed status, halted and unexpected execution modes are explicit
  ---
  duration_ms: 6.844725
  type: 'test'
  ...
# Subtest: IOC partial fills show booked quantity, canceled remainder and escaped lifecycle details
ok 66 - IOC partial fills show booked quantity, canceled remainder and escaped lifecycle details
  ---
  duration_ms: 3.913358
  type: 'test'
  ...
# Subtest: rejected orders show their reason without fabricating fills or fill prices
ok 67 - rejected orders show their reason without fabricating fills or fill prices
  ---
  duration_ms: 3.265606
  type: 'test'
  ...
# Subtest: entry window observes Thursday UTC boundaries and never announces a guaranteed entry
ok 68 - entry window observes Thursday UTC boundaries and never announces a guaranteed entry
  ---
  duration_ms: 2.085076
  type: 'test'
  ...
# Subtest: spot polling runs every five seconds, permits one request at a time, and times out for retry
ok 69 - spot polling runs every five seconds, permits one request at a time, and times out for retry
  ---
  duration_ms: 9.040437
  type: 'test'
  ...
# Subtest: missing enablement and order ledger fields are not reported as disabled or zero submissions
ok 70 - missing enablement and order ledger fields are not reported as disabled or zero submissions
  ---
  duration_ms: 2.393225
  type: 'test'
  ...
# Subtest: known untraded v1 migration preserves cash, history, clocks and decision without inventing orders
ok 71 - known untraded v1 migration preserves cash, history, clocks and decision without inventing orders
  ---
  duration_ms: 4.502177
  type: 'test'
  ...
# Subtest: migration rejects unknown runtime, strategy evidence, versions and preexisting order fields
ok 72 - migration rejects unknown runtime, strategy evidence, versions and preexisting order fields
  ---
  duration_ms: 1.479
  type: 'test'
  ...
# Subtest: migration refuses any legacy fill or changed capital even when the old account reconciles
ok 73 - migration refuses any legacy fill or changed capital even when the old account reconciles
  ---
  duration_ms: 1.281588
  type: 'test'
  ...
# Subtest: durable envelope migration backs up exact v1 bytes and reloads the authenticated v2 ledger
ok 74 - durable envelope migration backs up exact v1 bytes and reloads the authenticated v2 ledger
  ---
  duration_ms: 42.432155
  type: 'test'
  ...
# Subtest: legacy envelope rejects changed or mismatched last-cycle evidence before migration
ok 75 - legacy envelope rejects changed or mismatched last-cycle evidence before migration
  ---
  duration_ms: 10.784444
  type: 'test'
  ...
# Subtest: migration detects a journal changed after loading and preserves the newer bytes
ok 76 - migration detects a journal changed after loading and preserves the newer bytes
  ---
  duration_ms: 10.645932
  type: 'test'
  ...
# Subtest: recovery after writing migration proof but before journal replacement is idempotent
ok 77 - recovery after writing migration proof but before journal replacement is idempotent
  ---
  duration_ms: 26.355484
  type: 'test'
  ...
# Subtest: a previously written migration proof cannot be reused for a different runtime
ok 78 - a previously written migration proof cannot be reused for a different runtime
  ---
  duration_ms: 32.760629
  type: 'test'
  ...
# Subtest: changed migration proof is rejected on the next v2 startup
ok 79 - changed migration proof is rejected on the next v2 startup
  ---
  duration_ms: 7.793211
  type: 'test'
  ...
# Subtest: spot ledger preserves cash identity through a profitable complete round trip
ok 80 - spot ledger preserves cash identity through a profitable complete round trip
  ---
  duration_ms: 2.975921
  type: 'test'
  ...
# Subtest: spot weighted entry cost includes fees and allocates them on partial exits
ok 81 - spot weighted entry cost includes fees and allocates them on partial exits
  ---
  duration_ms: 0.629832
  type: 'test'
  ...
# Subtest: spot marks count entry and hypothetical exit fees exactly once
ok 82 - spot marks count entry and hypothetical exit fees exactly once
  ---
  duration_ms: 0.33108
  type: 'test'
  ...
# Subtest: exact duplicate fills remain idempotent even after a newer fill
ok 83 - exact duplicate fills remain idempotent even after a newer fill
  ---
  duration_ms: 1.023471
  type: 'test'
  ...
# Subtest: spot ledger rejects overspending, overselling, and reversed new receipts without mutation
ok 84 - spot ledger rejects overspending, overselling, and reversed new receipts without mutation
  ---
  duration_ms: 0.930653
  type: 'test'
  ...
# Subtest: spot ledger rejects invalid quantities, prices, fees, clocks, and overflow
ok 85 - spot ledger rejects invalid quantities, prices, fees, clocks, and overflow
  ---
  duration_ms: 0.757728
  type: 'test'
  ...
# Subtest: spot ledger fails closed when floating precision would grant inventory without a cash debit
ok 86 - spot ledger fails closed when floating precision would grant inventory without a cash debit
  ---
  duration_ms: 1.404562
  type: 'test'
  ...
# Subtest: restored spot accounts reconcile their receipts and cannot manufacture cash from rounded aggregates
ok 87 - restored spot accounts reconcile their receipts and cannot manufacture cash from rounded aggregates
  ---
  duration_ms: 2.031129
  type: 'test'
  ...
# Subtest: L2 purchases round down to lots and respect the all-in budget including fees
ok 88 - L2 purchases round down to lots and respect the all-in budget including fees
  ---
  duration_ms: 0.707082
  type: 'test'
  ...
# Subtest: L2 cash caps a larger requested budget and omitted budgets use available cash
ok 89 - L2 cash caps a larger requested budget and omitted budgets use available cash
  ---
  duration_ms: 0.956493
  type: 'test'
  ...
# Subtest: L2 walks actual depth and caps fills at five percent of depth inside ten basis points
ok 90 - L2 walks actual depth and caps fills at five percent of depth inside ten basis points
  ---
  duration_ms: 0.626057
  type: 'test'
  ...
# Subtest: L2 sale book walks toward lower bids and cannot exceed actual inventory
ok 91 - L2 sale book walks toward lower bids and cannot exceed actual inventory
  ---
  duration_ms: 0.536277
  type: 'test'
  ...
# Subtest: L2 quantity bounds permit partial inventory reductions without flattening
ok 92 - L2 quantity bounds permit partial inventory reductions without flattening
  ---
  duration_ms: 0.427385
  type: 'test'
  ...
# Subtest: L2 rejects insufficient liquidity, lot quantity, and gross minimum notional
ok 93 - L2 rejects insufficient liquidity, lot quantity, and gross minimum notional
  ---
  duration_ms: 1.526744
  type: 'test'
  ...
# Subtest: L2 rejects stale and future data; exactly five seconds is allowed
ok 94 - L2 rejects stale and future data; exactly five seconds is allowed
  ---
  duration_ms: 0.370596
  type: 'test'
  ...
# Subtest: L2 validates both sides, ordering, tick alignment, and positive real depth
ok 95 - L2 validates both sides, ordering, tick alignment, and positive real depth
  ---
  duration_ms: 1.660863
  type: 'test'
  ...
# Subtest: L2 planner rejects malformed rules, reused IDs, and account time reversal
ok 96 - L2 planner rejects malformed rules, reused IDs, and account time reversal
  ---
  duration_ms: 6.90447
  type: 'test'
  ...
# Subtest: L2 discrete search never rounds purchases above cash over varied fractional budgets
ok 97 - L2 discrete search never rounds purchases above cash over varied fractional budgets
  ---
  duration_ms: 15.028523
  type: 'test'
  ...
# Subtest: native spot weekly bars preserve pre-2017 warmup and causal availability
ok 98 - native spot weekly bars preserve pre-2017 warmup and causal availability
  ---
  duration_ms: 2.15698
  type: 'test'
  ...
# Subtest: incomplete and future prices are excluded before their fields are read
ok 99 - incomplete and future prices are excluded before their fields are read
  ---
  duration_ms: 0.320249
  type: 'test'
  ...
# Subtest: missing weeks, reversed or duplicate times, and nonnative boundaries fail closed
ok 100 - missing weeks, reversed or duplicate times, and nonnative boundaries fail closed
  ---
  duration_ms: 1.241645
  type: 'test'
  ...
# Subtest: malformed OHLCVT, wrong pairs, oversized row counts and API errors are rejected
ok 101 - malformed OHLCVT, wrong pairs, oversized row counts and API errors are rejected
  ---
  duration_ms: 1.46843
  type: 'test'
  ...
# Subtest: acquisition preserves full raw bytes, seals complete bars, and reconstructs from source
ok 102 - acquisition preserves full raw bytes, seals complete bars, and reconstructs from source
  ---
  duration_ms: 58.419347
  type: 'test'
  ...
# Subtest: cached prices cannot be forged by changing the dataset hash alone
ok 103 - cached prices cannot be forged by changing the dataset hash alone
  ---
  duration_ms: 7.761892
  type: 'test'
  ...
# Subtest: failed, oversized or empty data cannot publish a successful manifest
ok 104 - failed, oversized or empty data cannot publish a successful manifest
  ---
  duration_ms: 18.934673
  type: 'test'
  ...
# Subtest: retrieval registration must precede source time and remain acquisition only
ok 105 - retrieval registration must precede source time and remain acquisition only
  ---
  duration_ms: 13.736702
  type: 'test'
  ...
# Subtest: audited research nomination loads with negative uncertainty and never claims proven profit
ok 106 - audited research nomination loads with negative uncertainty and never claims proven profit
  ---
  duration_ms: 277.645783
  type: 'test'
  ...
# Subtest: missing required run, source copy or data bindings cannot inherit a passed audit
ok 107 - missing required run, source copy or data bindings cannot inherit a passed audit
  ---
  duration_ms: 111.251414
  type: 'test'
  ...
# Subtest: source edits and artifact edits after the audit fail hash validation
ok 108 - source edits and artifact edits after the audit fail hash validation
  ---
  duration_ms: 75.256005
  type: 'test'
  ...
# Subtest: profit claims, missing eligibility and protocol retuning fail even with updated hashes
ok 109 - profit claims, missing eligibility and protocol retuning fail even with updated hashes
  ---
  duration_ms: 182.648815
  type: 'test'
  ...
# Subtest: failed audits, hidden failures and duplicate run substitutions are rejected
ok 110 - failed audits, hidden failures and duplicate run substitutions are rejected
  ---
  duration_ms: 102.710698
  type: 'test'
  ...
# Subtest: altered run summaries and synchronized nonflat inventory fail independent gate checks
ok 111 - altered run summaries and synchronized nonflat inventory fail independent gate checks
  ---
  duration_ms: 106.769314
  type: 'test'
  ...
# Subtest: unsafe relative paths and source symlinks escaping the repository are rejected
ok 112 - unsafe relative paths and source symlinks escaping the repository are rejected
  ---
  duration_ms: 159.946696
  type: 'test'
  ...
# Subtest: paper economic checks cannot be satisfied by retained report booleans alone
ok 113 - paper economic checks cannot be satisfied by retained report booleans alone
  ---
  duration_ms: 163.217056
  type: 'test'
  ...
# Subtest: spot kernel lock remains held after its flock helper exits and blocks independent open descriptions
ok 114 - spot kernel lock remains held after its flock helper exits and blocks independent open descriptions
  ---
  duration_ms: 40.157776
  type: 'test'
  ...
# Subtest: an independent Node process owns the lock until it releases its inherited open description
ok 115 - an independent Node process owns the lock until it releases its inherited open description
  ---
  duration_ms: 459.681463
  type: 'test'
  ...
# Subtest: SIGKILL releases the parent's kernel lock without deleting a stale file or consulting process IDs
ok 116 - SIGKILL releases the parent's kernel lock without deleting a stale file or consulting process IDs
  ---
  duration_ms: 443.774646
  type: 'test'
  ...
# Subtest: atomic spot journal replacement ignores abandoned pending files and preserves their evidence
ok 117 - atomic spot journal replacement ignores abandoned pending files and preserves their evidence
  ---
  duration_ms: 12.313459
  type: 'test'
  ...
# Subtest: exclusive cycle evidence cannot be overwritten, including by a competing writer
ok 118 - exclusive cycle evidence cannot be overwritten, including by a competing writer
  ---
  duration_ms: 5.280171
  type: 'test'
  ...
# Subtest: concurrent readers observe complete journal generations during repeated atomic replacement
ok 119 - concurrent readers observe complete journal generations during repeated atomic replacement
  ---
  duration_ms: 78.238316
  type: 'test'
  ...
# Subtest: public snapshot validates concurrent context before requesting fresh depth and preserves exact source hashes
ok 120 - public snapshot validates concurrent context before requesting fresh depth and preserves exact source hashes
  ---
  duration_ms: 51.388232
  type: 'test'
  ...
# Subtest: pair rules require online native spot identity, unit lots and usable increments
ok 121 - pair rules require online native spot identity, unit lots and usable increments
  ---
  duration_ms: 1.64554
  type: 'test'
  ...
# Subtest: book parsing rejects crossed, unsorted, duplicate, empty, oversized and invalid levels
ok 122 - book parsing rejects crossed, unsorted, duplicate, empty, oversized and invalid levels
  ---
  duration_ms: 1.879145
  type: 'test'
  ...
# Subtest: level change timestamps never replace receipt clocks or reject quiet levels as stale
ok 123 - level change timestamps never replace receipt clocks or reject quiet levels as stale
  ---
  duration_ms: 0.326666
  type: 'test'
  ...
# Subtest: failed rules prevent any depth request
ok 124 - failed rules prevent any depth request
  ---
  duration_ms: 1.707601
  type: 'test'
  ...
# Subtest: HTTP errors and both declared and streamed response-size excesses fail closed
ok 125 - HTTP errors and both declared and streamed response-size excesses fail closed
  ---
  duration_ms: 6.54223
  type: 'test'
  ...
# Subtest: invalid JSON, lossy UTF-8 and reversed or invalid local clocks are rejected
ok 126 - invalid JSON, lossy UTF-8 and reversed or invalid local clocks are rejected
  ---
  duration_ms: 5.731214
  type: 'test'
  ...
# Subtest: valid context cannot make an invalid final depth snapshot executable
ok 127 - valid context cannot make an invalid final depth snapshot executable
  ---
  duration_ms: 1.146339
  type: 'test'
  ...
# Subtest: fresh HTTP receipt cannot disguise a source missing the most recent completed week
ok 128 - fresh HTTP receipt cannot disguise a source missing the most recent completed week
  ---
  duration_ms: 1.319702
  type: 'test'
  ...
# Subtest: received malformed OHLC remains auditable while valid depth remains available for exits
ok 129 - received malformed OHLC remains auditable while valid depth remains available for exits
  ---
  duration_ms: 7.683641
  type: 'test'
  ...
# Subtest: failed OHLC network requests do not invent a source or discard fresh exit quotes
ok 130 - failed OHLC network requests do not invent a source or discard fresh exit quotes
  ---
  duration_ms: 1.044175
  type: 'test'
  ...
# Subtest: paper submission creates a durable order without changing cash or inventing a fill
ok 131 - paper submission creates a durable order without changing cash or inventing a fill
  ---
  duration_ms: 5.450059
  type: 'test'
  ...
# Subtest: client IDs retry idempotently and reject conflicting quantity, price, fee or time
ok 132 - client IDs retry idempotently and reject conflicting quantity, price, fee or time
  ---
  duration_ms: 4.740806
  type: 'test'
  ...
# Subtest: one pending order prevents double reservation without destroying the first request
ok 133 - one pending order prevents double reservation without destroying the first request
  ---
  duration_ms: 0.614941
  type: 'test'
  ...
# Subtest: fully funded request reserves fees at its limit and cannot request excess cash or inventory
ok 134 - fully funded request reserves fees at its limit and cannot request excess cash or inventory
  ---
  duration_ms: 0.424233
  type: 'test'
  ...
# Subtest: semantically invalid requests have explicit durable rejections
ok 135 - semantically invalid requests have explicit durable rejections
  ---
  duration_ms: 1.500713
  type: 'test'
  ...
# Subtest: non-JSON requests and forged restored account balances fail closed
ok 136 - non-JSON requests and forged restored account balances fail closed
  ---
  duration_ms: 0.91268
  type: 'test'
  ...
# Subtest: execution accepts and fills requested quantity with one fee-bearing receipt
ok 137 - execution accepts and fills requested quantity with one fee-bearing receipt
  ---
  duration_ms: 1.117767
  type: 'test'
  ...
# Subtest: IOC keeps nominal request independent of depth and cancels an unfilled partial remainder
ok 138 - IOC keeps nominal request independent of depth and cancels an unfilled partial remainder
  ---
  duration_ms: 4.162889
  type: 'test'
  ...
# Subtest: buy matching respects a stricter submitted limit and never borrows out-of-limit depth
ok 139 - buy matching respects a stricter submitted limit and never borrows out-of-limit depth
  ---
  duration_ms: 1.053064
  type: 'test'
  ...
# Subtest: abundant depth cannot overfill even at much better prices than the request limit
ok 140 - abundant depth cannot overfill even at much better prices than the request limit
  ---
  duration_ms: 1.075916
  type: 'test'
  ...
# Subtest: eight-decimal lot boundaries fill the requested lots without numerical dust
ok 141 - eight-decimal lot boundaries fill the requested lots without numerical dust
  ---
  duration_ms: 3.010609
  type: 'test'
  ...
# Subtest: nonmarketable limits and insufficient executable liquidity cancel without cash changes
ok 142 - nonmarketable limits and insufficient executable liquidity cancel without cash changes
  ---
  duration_ms: 0.734106
  type: 'test'
  ...
# Subtest: sell IOC only reduces inventory and matches the submitted sell price limit
ok 143 - sell IOC only reduces inventory and matches the submitted sell price limit
  ---
  duration_ms: 1.000296
  type: 'test'
  ...
# Subtest: order quantities and limits must match current lot, tick and minimum rules
ok 144 - order quantities and limits must match current lot, tick and minimum rules
  ---
  duration_ms: 0.514772
  type: 'test'
  ...
# Subtest: freshness, fee policy and full original depth are validated before matching
ok 145 - freshness, fee policy and full original depth are validated before matching
  ---
  duration_ms: 0.522415
  type: 'test'
  ...
# Subtest: restored pending orders expire instead of executing against a later market
ok 146 - restored pending orders expire instead of executing against a later market
  ---
  duration_ms: 0.402709
  type: 'test'
  ...
# Subtest: filled and partially filled restart retries never apply a second cash debit
ok 147 - filled and partially filled restart retries never apply a second cash debit
  ---
  duration_ms: 1.081193
  type: 'test'
  ...
# Subtest: accepted recovery continues once and a pending order with a preexisting receipt is rejected
ok 148 - accepted recovery continues once and a pending order with a preexisting receipt is rejected
  ---
  duration_ms: 0.648948
  type: 'test'
  ...
# Subtest: explicit strategy cancellation is terminal and reversible request retries cannot reopen it
ok 149 - explicit strategy cancellation is terminal and reversible request retries cannot reopen it
  ---
  duration_ms: 0.844433
  type: 'test'
  ...
# Subtest: ledger validation rejects missing, orphaned, duplicated, altered and nonterminal fill evidence
ok 150 - ledger validation rejects missing, orphaned, duplicated, altered and nonterminal fill evidence
  ---
  duration_ms: 1.768018
  type: 'test'
  ...
# Subtest: execution rejects reversed clocks without mutating pending order or account
ok 151 - execution rejects reversed clocks without mutating pending order or account
  ---
  duration_ms: 3.707641
  type: 'test'
  ...
# Subtest: spot paper starts with independent funded cash and makes a fresh, fee-inclusive entry
ok 152 - spot paper starts with independent funded cash and makes a fresh, fee-inclusive entry
  ---
  duration_ms: 14.505827
  type: 'test'
  ...
# Subtest: spot paper follows the native-week delay and cannot use the newly finalized close
ok 153 - spot paper follows the native-week delay and cannot use the newly finalized close
  ---
  duration_ms: 8.992146
  type: 'test'
  ...
# Subtest: spot paper does not catch up entries after the first native-week hour
ok 154 - spot paper does not catch up entries after the first native-week hour
  ---
  duration_ms: 2.02047
  type: 'test'
  ...
# Subtest: a partial L2 entry consumes the entry and larger fresh depth cannot add inventory
ok 155 - a partial L2 entry consumes the entry and larger fresh depth cannot add inventory
  ---
  duration_ms: 10.885719
  type: 'test'
  ...
# Subtest: a denied first attempt may retry within the entry hour with executable depth
ok 156 - a denied first attempt may retry within the entry hour with executable depth
  ---
  duration_ms: 3.430498
  type: 'test'
  ...
# Subtest: preparation persists a submitted request before settlement changes any cash or inventory
ok 157 - preparation persists a submitted request before settlement changes any cash or inventory
  ---
  duration_ms: 3.081014
  type: 'test'
  ...
# Subtest: a crash after submission recovers the same request without a duplicate order
ok 158 - a crash after submission recovers the same request without a duplicate order
  ---
  duration_ms: 1.557144
  type: 'test'
  ...
# Subtest: an old recovered pending order expires without applying a fill
ok 159 - an old recovered pending order expires without applying a fill
  ---
  duration_ms: 1.608881
  type: 'test'
  ...
# Subtest: submission at the end of the entry hour cannot fill after the policy window closes
ok 160 - submission at the end of the entry hour cannot fill after the policy window closes
  ---
  duration_ms: 1.98649
  type: 'test'
  ...
# Subtest: history failure between submission and settlement cancels the buy
ok 161 - history failure between submission and settlement cancels the buy
  ---
  duration_ms: 1.105987
  type: 'test'
  ...
# Subtest: bearish eligible weekly signals exit partially and retry with fresh depth
ok 162 - bearish eligible weekly signals exit partially and retry with fresh depth
  ---
  duration_ms: 5.737631
  type: 'test'
  ...
# Subtest: subminimum exit dust stays in inventory and liquidation P&L instead of being discarded
ok 163 - subminimum exit dust stays in inventory and liquidation P&L instead of being discarded
  ---
  duration_ms: 6.510749
  type: 'test'
  ...
# Subtest: spot paper reduces appreciated marked exposure without adding or flattening the remaining position
ok 164 - spot paper reduces appreciated marked exposure without adding or flattening the remaining position
  ---
  duration_ms: 7.180022
  type: 'test'
  ...
# Subtest: a subminimum marked-cap reduction flattens inventory and cannot re-enter that week
ok 165 - a subminimum marked-cap reduction flattens inventory and cannot re-enter that week
  ---
  duration_ms: 5.644551
  type: 'test'
  ...
# Subtest: stale and future books cannot trade or manufacture a fresh mark
ok 166 - stale and future books cannot trade or manufacture a fresh mark
  ---
  duration_ms: 0.858817
  type: 'test'
  ...
# Subtest: missing, stale, or failed history blocks entries but permits protective exits against fresh books
ok 167 - missing, stale, or failed history blocks entries but permits protective exits against fresh books
  ---
  duration_ms: 2.543593
  type: 'test'
  ...
# Subtest: backward cycle clocks are rejected while an exact duplicate remains idempotent
ok 168 - backward cycle clocks are rejected while an exact duplicate remains idempotent
  ---
  duration_ms: 1.73051
  type: 'test'
  ...
# Subtest: repeated cycles are idempotent and serialized restarts preserve receipt IDs and cash
ok 169 - repeated cycles are idempotent and serialized restarts preserve receipt IDs and cash
  ---
  duration_ms: 1.635655
  type: 'test'
  ...
# Subtest: weekly signal requires 40 available consecutive closes and ignores unfinished prices
ok 170 - weekly signal requires 40 available consecutive closes and ignores unfinished prices
  ---
  duration_ms: 3.609543
  type: 'test'
  ...
# Subtest: hysteresis preserves state inside cost-scaled band and equality goes to cash
ok 171 - hysteresis preserves state inside cost-scaled band and equality goes to cash
  ---
  duration_ms: 1.455911
  type: 'test'
  ...
# Subtest: historical fills occur strictly after finalized signal; stress waits another native week
ok 172 - historical fills occur strictly after finalized signal; stress waits another native week
  ---
  duration_ms: 24.540753
  type: 'test'
  ...
# Subtest: cash is exactly flat and buy-hold starts independently of a bullish candidate
ok 173 - cash is exactly flat and buy-hold starts independently of a bullish candidate
  ---
  duration_ms: 3.657245
  type: 'test'
  ...
# Subtest: missing weekly history rejects the replay and unavailable terminal volume leaves explicit inventory
ok 174 - missing weekly history rejects the replay and unavailable terminal volume leaves explicit inventory
  ---
  duration_ms: 1.520733
  type: 'test'
  ...
# Subtest: later prices cannot change earlier signals, fills or marked cash
ok 175 - later prices cannot change earlier signals, fills or marked cash
  ---
  duration_ms: 7.557171
  type: 'test'
  ...
# Subtest: bootstrap keeps calendar cash weeks and is deterministic without inventing evidence
ok 176 - bootstrap keeps calendar cash weeks and is deterministic without inventing evidence
  ---
  duration_ms: 0.937838
  type: 'test'
  ...
1..176
# tests 195
# suites 0
# pass 195
# fail 0
# cancelled 0
# skipped 0
# todo 0
# duration_ms 10513.036855
